<?xml version="1.0" encoding="UTF-8" ?>
<testsuites name="vitest tests" tests="26" failures="0" errors="0" time="0.0461135">
    <testsuite name="src/tests/store.test.ts" timestamp="2026-01-06T17:38:54.698Z" hostname="WFPITPF4N7H0B" tests="26" failures="0" errors="0" skipped="0" time="0.0461135">
        <testcase classname="src/tests/store.test.ts" name="useAppStore &gt; should initialize with the correct default state" time="0.0130888">
        </testcase>
        <testcase classname="src/tests/store.test.ts" name="useAppStore &gt; should update the config and screen on boot" time="0.0021415">
            <system-out>
BOOT

            </system-out>
        </testcase>
        <testcase classname="src/tests/store.test.ts" name="useAppStore &gt; should show the T&amp;Cs if not already accepted" time="0.0013737">
            <system-out>
BOOT

            </system-out>
        </testcase>
        <testcase classname="src/tests/store.test.ts" name="useAppStore &gt; should boot from backup" time="0.0013667">
            <system-out>
BOOT

            </system-out>
        </testcase>
        <testcase classname="src/tests/store.test.ts" name="useAppStore &gt; should handle error during boot" time="0.0014474">
            <system-out>
BOOT
ERROR: Invalid config

            </system-out>
        </testcase>
        <testcase classname="src/tests/store.test.ts" name="useAppStore &gt; should handle reporting an error" time="0.0012213">
            <system-out>
REPORT_ERROR

            </system-out>
        </testcase>
        <testcase classname="src/tests/store.test.ts" name="useAppStore &gt; Should navigate back to main" time="0.0014633">
            <system-out>
BACK_TO_MAIN_SCREEN
BACK_TO_MAIN_SCREEN
BACK_TO_MAIN_SCREEN
BACK_TO_MAIN_SCREEN

            </system-out>
        </testcase>
        <testcase classname="src/tests/store.test.ts" name="useAppStore &gt; Show T&amp;Cs" time="0.001313">
            <system-out>
SHOW_TERMS_AND_CONDITIONS
SHOW_TERMS_AND_CONDITIONS

            </system-out>
        </testcase>
        <testcase classname="src/tests/store.test.ts" name="useAppStore &gt; Start Config Change" time="0.0012974">
            <system-out>
START_CONFIG_CHANGE

            </system-out>
        </testcase>
        <testcase classname="src/tests/store.test.ts" name="useAppStore &gt; Processing Cancelled" time="0.0011188">
            <system-out>
PROCESSING_CANCELLED

            </system-out>
        </testcase>
        <testcase classname="src/tests/store.test.ts" name="useAppStore &gt; quit the application" time="0.0014752">
            <system-out>
QUIT

            </system-out>
        </testcase>
        <testcase classname="src/tests/store.test.ts" name="useAppStore &gt; open a file" time="0.0011925">
            <system-out>
OPEN_OUTPUT_FILE
[IPC] Calling Electron API openOutputFile
Calling Electron to open an output file

            </system-out>
        </testcase>
        <testcase classname="src/tests/store.test.ts" name="useAppStore &gt; accept T&amp;Cs" time="0.0013413">
            <system-out>
ACCEPT_TERMS_AND_CONDITIONS
[IPC] Calling Electron API acceptTermsAndConditions

            </system-out>
        </testcase>
        <testcase classname="src/tests/store.test.ts" name="useAppStore &gt; should update the config on updateConfig" time="0.0011273">
            <system-out>
UPDATE_CONFIG

            </system-out>
        </testcase>
        <testcase classname="src/tests/store.test.ts" name="useAppStore &gt; should handle user config removal" time="0.000977">
            <system-out>
REMOVE_USER_CONFIG
[IPC] Cannot find Electron API
NO FALLBACK FOR ELECTRON-LESS OPEN CONFIG

            </system-out>
        </testcase>
        <testcase classname="src/tests/store.test.ts" name="useAppStore &gt; should handle loading new config" time="0.0009537">
            <system-out>
LOAD_NEW_CONFIG
[IPC] Cannot find Electron API
NO FALLBACK FOR ELECTRON-LESS OPEN CONFIG

            </system-out>
        </testcase>
        <testcase classname="src/tests/store.test.ts" name="useAppStore &gt; should handle load new config done" time="0.0015605">
            <system-out>
LOAD_NEW_CONFIG
[IPC] Cannot find Electron API
NO FALLBACK FOR ELECTRON-LESS OPEN CONFIG
LOAD_NEW_CONFIG_DONE
[33mtrue[39m [33mfalse[39m [90mundefined[39m { meta: { id: [32m&apos;LOADED&apos;[39m, version: [32m&apos;1.0.0&apos;[39m, signature: [32m&apos;loaded&apos;[39m } } [35m2026-01-06T17:38:54.543Z[39m

            </system-out>
        </testcase>
        <testcase classname="src/tests/store.test.ts" name="useAppStore &gt; should handle user config removed successfully" time="0.0013429">
            <system-out>
USER_CONFIG_REMOVED

            </system-out>
        </testcase>
        <testcase classname="src/tests/store.test.ts" name="useAppStore &gt; should handle user config removal failure" time="0.0012029">
            <system-out>
USER_CONFIG_REMOVED

            </system-out>
        </testcase>
        <testcase classname="src/tests/store.test.ts" name="useAppStore &gt; should open a file dialogue" time="0.0011287">
            <system-out>
PRE_PROCESS_FILE_OPEN_DIALOG
[IPC] Calling Electron API preProcessFileOpenDialog
Calling Electron for open dialog

            </system-out>
        </testcase>
        <testcase classname="src/tests/store.test.ts" name="useAppStore &gt; should start preprocessing a file" time="0.0010321">
            <system-out>
START_PRE_PROCESSING_FILE
[IPC] Calling Electron API fileDropped
Calling Electron with file path TEST_PATH

            </system-out>
        </testcase>
        <testcase classname="src/tests/store.test.ts" name="useAppStore &gt; should handle pre-processing done successfully" time="0.0009936">
            <system-out>
PRE_PROCESSING_DONE

            </system-out>
        </testcase>
        <testcase classname="src/tests/store.test.ts" name="useAppStore &gt; should handle pre-processing failure" time="0.000923">
            <system-out>
PRE_PROCESSING_DONE

            </system-out>
        </testcase>
        <testcase classname="src/tests/store.test.ts" name="useAppStore &gt; should start processing the file" time="0.0010387">
            <system-out>
START_PROCESSING_FILE
[IPC] Cannot find Electron API

            </system-out>
        </testcase>
        <testcase classname="src/tests/store.test.ts" name="useAppStore &gt; should handle processing file successfully" time="0.0010161">
            <system-out>
PROCESSING_DONE

            </system-out>
        </testcase>
        <testcase classname="src/tests/store.test.ts" name="useAppStore &gt; should handle processing file failure" time="0.0001084">
        </testcase>
    </testsuite>
</testsuites>
